2024-10-25T05:07:11.821+03:00  WARN 14408 --- [HikariPool-1 housekeeper] com.zaxxer.hikari.pool.HikariPool        : HikariPool-1 - Thread starvation or clock leap detected (housekeeper delta=7h24m31s374ms944µs).
2024-10-25T07:52:34.996+03:00  INFO 14408 --- [File Watcher] rtingClassPathChangeChangedEventListener : Restarting due to 1 class path change (0 additions, 1 deletion, 0 modifications)
2024-10-25T07:52:35.800+03:00  INFO 14408 --- [Thread-5] j.LocalContainerEntityManagerFactoryBean : Closing JPA EntityManagerFactory for persistence unit 'default'
2024-10-25T07:52:36.054+03:00  INFO 14408 --- [Thread-5] com.zaxxer.hikari.HikariDataSource       : HikariPool-1 - Shutdown initiated...
2024-10-25T07:52:36.093+03:00  INFO 14408 --- [Thread-5] com.zaxxer.hikari.HikariDataSource       : HikariPool-1 - Shutdown completed.
2024-10-25T07:52:37.221+03:00  INFO 14408 --- [restartedMain] com.Housing.Housing.HousingApplication   : Starting HousingApplication using Java 17.0.10 with PID 14408 (D:\Housing\Housing\target\classes started by Pc in D:\Housing\Housing)
2024-10-25T07:52:37.221+03:00  INFO 14408 --- [restartedMain] com.Housing.Housing.HousingApplication   : No active profile set, falling back to 1 default profile: "default"
2024-10-25T07:52:38.122+03:00  INFO 14408 --- [restartedMain] .s.d.r.c.RepositoryConfigurationDelegate : Bootstrapping Spring Data JPA repositories in DEFAULT mode.
2024-10-25T07:52:38.150+03:00  INFO 14408 --- [restartedMain] .s.d.r.c.RepositoryConfigurationDelegate : Finished Spring Data repository scanning in 28 ms. Found 2 JPA repository interfaces.
2024-10-25T07:52:39.172+03:00  INFO 14408 --- [restartedMain] o.s.b.w.embedded.tomcat.TomcatWebServer  : Tomcat initialized with port 8181 (http)
2024-10-25T07:52:39.175+03:00  INFO 14408 --- [restartedMain] o.apache.catalina.core.StandardService   : Starting service [Tomcat]
2024-10-25T07:52:39.176+03:00  INFO 14408 --- [restartedMain] o.apache.catalina.core.StandardEngine    : Starting Servlet engine: [Apache Tomcat/10.1.19]
2024-10-25T07:52:39.229+03:00  INFO 14408 --- [restartedMain] o.a.c.c.C.[Tomcat].[localhost].[/]       : Initializing Spring embedded WebApplicationContext
2024-10-25T07:52:39.229+03:00  INFO 14408 --- [restartedMain] w.s.c.ServletWebServerApplicationContext : Root WebApplicationContext: initialization completed in 2004 ms
2024-10-25T07:52:39.761+03:00  INFO 14408 --- [restartedMain] o.hibernate.jpa.internal.util.LogHelper  : HHH000204: Processing PersistenceUnitInfo [name: default]
2024-10-25T07:52:39.778+03:00  INFO 14408 --- [restartedMain] o.h.c.internal.RegionFactoryInitiator    : HHH000026: Second-level cache disabled
2024-10-25T07:52:39.797+03:00  INFO 14408 --- [restartedMain] o.s.o.j.p.SpringPersistenceUnitInfo      : No LoadTimeWeaver setup: ignoring JPA class transformer
2024-10-25T07:52:39.803+03:00  INFO 14408 --- [restartedMain] com.zaxxer.hikari.HikariDataSource       : HikariPool-2 - Starting...
2024-10-25T07:52:39.810+03:00  INFO 14408 --- [restartedMain] com.zaxxer.hikari.pool.HikariPool        : HikariPool-2 - Added connection com.mysql.cj.jdbc.ConnectionImpl@6862edcc
2024-10-25T07:52:39.811+03:00  INFO 14408 --- [restartedMain] com.zaxxer.hikari.HikariDataSource       : HikariPool-2 - Start completed.
2024-10-25T07:52:39.813+03:00  WARN 14408 --- [restartedMain] org.hibernate.dialect.Dialect            : HHH000511: The 5.6.51 version for [org.hibernate.dialect.MySQLDialect] is no longer supported, hence certain features may not work properly. The minimum supported version is 8.0.0. Check the community dialects project for available legacy versions.
2024-10-25T07:52:39.815+03:00  WARN 14408 --- [restartedMain] org.hibernate.orm.deprecation            : HHH90000025: MySQLDialect does not need to be specified explicitly using 'hibernate.dialect' (remove the property setting and it will be selected by default)
2024-10-25T07:52:39.962+03:00  INFO 14408 --- [restartedMain] o.h.e.t.j.p.i.JtaPlatformInitiator       : HHH000489: No JTA platform available (set 'hibernate.transaction.jta.platform' to enable JTA platform integration)
2024-10-25T07:52:40.203+03:00  INFO 14408 --- [restartedMain] j.LocalContainerEntityManagerFactoryBean : Initialized JPA EntityManagerFactory for persistence unit 'default'
2024-10-25T07:52:40.680+03:00  WARN 14408 --- [restartedMain] JpaBaseConfiguration$JpaWebConfiguration : spring.jpa.open-in-view is enabled by default. Therefore, database queries may be performed during view rendering. Explicitly configure spring.jpa.open-in-view to disable this warning
2024-10-25T07:52:41.242+03:00  INFO 14408 --- [restartedMain] o.s.b.a.e.web.EndpointLinksResolver      : Exposing 1 endpoint(s) beneath base path '/actuator'
2024-10-25T07:52:41.353+03:00  INFO 14408 --- [restartedMain] o.s.s.web.DefaultSecurityFilterChain     : Will secure any request with [org.springframework.security.web.session.DisableEncodeUrlFilter@1bd062c6, org.springframework.security.web.context.request.async.WebAsyncManagerIntegrationFilter@79a7a817, org.springframework.security.web.context.SecurityContextHolderFilter@4f4a0c2e, org.springframework.security.web.header.HeaderWriterFilter@1015eb4d, org.springframework.security.web.authentication.logout.LogoutFilter@491629b8, org.springframework.security.web.savedrequest.RequestCacheAwareFilter@5247592f, org.springframework.security.web.servletapi.SecurityContextHolderAwareRequestFilter@6ca8dbc8, org.springframework.security.web.authentication.AnonymousAuthenticationFilter@6cf0b4d9, org.springframework.security.web.session.SessionManagementFilter@50e69a1d, org.springframework.security.web.access.ExceptionTranslationFilter@1f01cbdf, org.springframework.security.web.access.intercept.AuthorizationFilter@713274e7]
2024-10-25T07:52:41.685+03:00  WARN 14408 --- [restartedMain] ion$DefaultTemplateResolverConfiguration : Cannot find template location: classpath:/templates/ (please add some templates, check your Thymeleaf configuration, or set spring.thymeleaf.check-template-location=false)
2024-10-25T07:52:42.079+03:00  INFO 14408 --- [restartedMain] o.s.b.d.a.OptionalLiveReloadServer       : LiveReload server is running on port 35729
2024-10-25T07:52:42.131+03:00  INFO 14408 --- [restartedMain] o.s.b.w.embedded.tomcat.TomcatWebServer  : Tomcat started on port 8181 (http) with context path ''
2024-10-25T07:52:42.159+03:00  INFO 14408 --- [restartedMain] com.Housing.Housing.HousingApplication   : Started HousingApplication in 5.053 seconds (process running for 180725.34)
2024-10-25T07:52:42.167+03:00  INFO 14408 --- [restartedMain] .ConditionEvaluationDeltaLoggingListener : Condition evaluation unchanged
2024-10-25T07:52:43.504+03:00  INFO 14408 --- [File Watcher] rtingClassPathChangeChangedEventListener : Restarting due to 1 class path change (1 addition, 0 deletions, 0 modifications)
2024-10-25T07:52:43.536+03:00  INFO 14408 --- [Thread-7] j.LocalContainerEntityManagerFactoryBean : Closing JPA EntityManagerFactory for persistence unit 'default'
2024-10-25T07:52:43.537+03:00  INFO 14408 --- [Thread-7] com.zaxxer.hikari.HikariDataSource       : HikariPool-2 - Shutdown initiated...
2024-10-25T07:52:43.539+03:00  INFO 14408 --- [Thread-7] com.zaxxer.hikari.HikariDataSource       : HikariPool-2 - Shutdown completed.
2024-10-25T07:52:43.721+03:00  INFO 14408 --- [restartedMain] com.Housing.Housing.HousingApplication   : Starting HousingApplication using Java 17.0.10 with PID 14408 (D:\Housing\Housing\target\classes started by Pc in D:\Housing\Housing)
2024-10-25T07:52:43.722+03:00  INFO 14408 --- [restartedMain] com.Housing.Housing.HousingApplication   : No active profile set, falling back to 1 default profile: "default"
2024-10-25T07:52:44.496+03:00  INFO 14408 --- [restartedMain] .s.d.r.c.RepositoryConfigurationDelegate : Bootstrapping Spring Data JPA repositories in DEFAULT mode.
2024-10-25T07:52:44.523+03:00  INFO 14408 --- [restartedMain] .s.d.r.c.RepositoryConfigurationDelegate : Finished Spring Data repository scanning in 26 ms. Found 2 JPA repository interfaces.
2024-10-25T07:52:45.086+03:00  INFO 14408 --- [restartedMain] o.s.b.w.embedded.tomcat.TomcatWebServer  : Tomcat initialized with port 8181 (http)
2024-10-25T07:52:45.087+03:00  INFO 14408 --- [restartedMain] o.apache.catalina.core.StandardService   : Starting service [Tomcat]
2024-10-25T07:52:45.088+03:00  INFO 14408 --- [restartedMain] o.apache.catalina.core.StandardEngine    : Starting Servlet engine: [Apache Tomcat/10.1.19]
2024-10-25T07:52:45.126+03:00  INFO 14408 --- [restartedMain] o.a.c.c.C.[Tomcat].[localhost].[/]       : Initializing Spring embedded WebApplicationContext
2024-10-25T07:52:45.127+03:00  INFO 14408 --- [restartedMain] w.s.c.ServletWebServerApplicationContext : Root WebApplicationContext: initialization completed in 1403 ms
2024-10-25T07:52:45.423+03:00  INFO 14408 --- [restartedMain] o.hibernate.jpa.internal.util.LogHelper  : HHH000204: Processing PersistenceUnitInfo [name: default]
2024-10-25T07:52:45.434+03:00  INFO 14408 --- [restartedMain] o.h.c.internal.RegionFactoryInitiator    : HHH000026: Second-level cache disabled
2024-10-25T07:52:45.442+03:00  INFO 14408 --- [restartedMain] o.s.o.j.p.SpringPersistenceUnitInfo      : No LoadTimeWeaver setup: ignoring JPA class transformer
2024-10-25T07:52:45.445+03:00  INFO 14408 --- [restartedMain] com.zaxxer.hikari.HikariDataSource       : HikariPool-3 - Starting...
2024-10-25T07:52:45.450+03:00  INFO 14408 --- [restartedMain] com.zaxxer.hikari.pool.HikariPool        : HikariPool-3 - Added connection com.mysql.cj.jdbc.ConnectionImpl@481eabb7
2024-10-25T07:52:45.451+03:00  INFO 14408 --- [restartedMain] com.zaxxer.hikari.HikariDataSource       : HikariPool-3 - Start completed.
2024-10-25T07:52:45.453+03:00  WARN 14408 --- [restartedMain] org.hibernate.dialect.Dialect            : HHH000511: The 5.6.51 version for [org.hibernate.dialect.MySQLDialect] is no longer supported, hence certain features may not work properly. The minimum supported version is 8.0.0. Check the community dialects project for available legacy versions.
2024-10-25T07:52:45.453+03:00  WARN 14408 --- [restartedMain] org.hibernate.orm.deprecation            : HHH90000025: MySQLDialect does not need to be specified explicitly using 'hibernate.dialect' (remove the property setting and it will be selected by default)
2024-10-25T07:52:45.626+03:00  INFO 14408 --- [restartedMain] o.h.e.t.j.p.i.JtaPlatformInitiator       : HHH000489: No JTA platform available (set 'hibernate.transaction.jta.platform' to enable JTA platform integration)
2024-10-25T07:52:45.686+03:00  INFO 14408 --- [restartedMain] j.LocalContainerEntityManagerFactoryBean : Initialized JPA EntityManagerFactory for persistence unit 'default'
2024-10-25T07:52:46.150+03:00  WARN 14408 --- [restartedMain] JpaBaseConfiguration$JpaWebConfiguration : spring.jpa.open-in-view is enabled by default. Therefore, database queries may be performed during view rendering. Explicitly configure spring.jpa.open-in-view to disable this warning
2024-10-25T07:52:46.658+03:00  INFO 14408 --- [restartedMain] o.s.b.a.e.web.EndpointLinksResolver      : Exposing 1 endpoint(s) beneath base path '/actuator'
2024-10-25T07:52:46.739+03:00  INFO 14408 --- [restartedMain] o.s.s.web.DefaultSecurityFilterChain     : Will secure any request with [org.springframework.security.web.session.DisableEncodeUrlFilter@42464728, org.springframework.security.web.context.request.async.WebAsyncManagerIntegrationFilter@279f3a04, org.springframework.security.web.context.SecurityContextHolderFilter@36eafaaa, org.springframework.security.web.header.HeaderWriterFilter@5878d3c8, org.springframework.security.web.authentication.logout.LogoutFilter@5d055d4e, org.springframework.security.web.savedrequest.RequestCacheAwareFilter@499490b1, org.springframework.security.web.servletapi.SecurityContextHolderAwareRequestFilter@2ef3c550, org.springframework.security.web.authentication.AnonymousAuthenticationFilter@7f2b7220, org.springframework.security.web.session.SessionManagementFilter@665a5ff5, org.springframework.security.web.access.ExceptionTranslationFilter@664b3dee, org.springframework.security.web.access.intercept.AuthorizationFilter@68b1a1ad]
2024-10-25T07:52:46.929+03:00  WARN 14408 --- [restartedMain] ion$DefaultTemplateResolverConfiguration : Cannot find template location: classpath:/templates/ (please add some templates, check your Thymeleaf configuration, or set spring.thymeleaf.check-template-location=false)
2024-10-25T07:52:47.244+03:00  INFO 14408 --- [restartedMain] o.s.b.d.a.OptionalLiveReloadServer       : LiveReload server is running on port 35729
2024-10-25T07:52:47.292+03:00  INFO 14408 --- [restartedMain] o.s.b.w.embedded.tomcat.TomcatWebServer  : Tomcat started on port 8181 (http) with context path ''
2024-10-25T07:52:47.318+03:00  INFO 14408 --- [restartedMain] com.Housing.Housing.HousingApplication   : Started HousingApplication in 3.643 seconds (process running for 180730.499)
2024-10-25T07:52:47.323+03:00  INFO 14408 --- [restartedMain] .ConditionEvaluationDeltaLoggingListener : Condition evaluation unchanged
2024-10-25T08:05:40.184+03:00  INFO 14408 --- [File Watcher] rtingClassPathChangeChangedEventListener : Restarting due to 21 class path changes (0 additions, 21 deletions, 0 modifications)
2024-10-25T08:05:40.425+03:00  INFO 14408 --- [Thread-11] j.LocalContainerEntityManagerFactoryBean : Closing JPA EntityManagerFactory for persistence unit 'default'
2024-10-25T08:05:40.426+03:00  INFO 14408 --- [Thread-11] com.zaxxer.hikari.HikariDataSource       : HikariPool-3 - Shutdown initiated...
2024-10-25T08:05:40.451+03:00  INFO 14408 --- [Thread-11] com.zaxxer.hikari.HikariDataSource       : HikariPool-3 - Shutdown completed.
